
> dingdong-parent@0.3.24 test:unit
> node --test unit/*.test.js

✔ 5xx 用统一文案，不带后端原始说法 (0.813125ms)
✔ 5xx 不把调试页文本或业务码当文案 (0.061958ms)
✔ 4xx 仍用后端给的业务文案与 code (0.048833ms)
✔ 5xx 且响应体解析不出内容时也给同一句 (0.045375ms)
✔ 429 保留 Retry-After，供发码倒计时使用 (37.439583ms)
✔ each HTML executable and stylesheet and its entire production import graph uses the release version (2.94625ms)
✔ all supported web images ship bootstrap and mutable production assets cannot be heuristically cached (0.333917ms)
✔ module link failure produces one recovery view and never automatically reloads (0.890083ms)
✔ watchdog waits for app first render and is cancelled when app takes over (0.094792ms)
✔ a stalled boot shows finite recovery once without another load attempt (0.08275ms)
✔ recovery view is plain parent text, clears busy and retries only after explicit click (0.15175ms)
✔ 凭据能从查询串里读出来 (1.936375ms)
✔ 凭据能从 hash 参数里读出来（NFC 标签常这么写） (0.288791ms)
✔ 查询串优先于 hash，两者都有时取查询串 (0.136041ms)
✔ 裸 + 不当空格：token 是不透明字符串，不能改写它的字节 (1.425709ms)
✔ 没有凭据就是空串，不猜也不报错 (0.240334ms)
✔ 同名参数取第一个 (0.112917ms)
✔ 机器人标识是独立参数，不影响取凭据 (0.306959ms)
✔ 摘掉凭据后，hash 路由与其他参数都还在 (0.31875ms)
✔ 摘掉机器人标识，凭据一并不留 (0.186208ms)
✔ 没有凭据时，地址原样不动（幂等） (0.232833ms)
✔ 换机信号只认服务端那一个错误码 (3.745708ms)
✔ 账户拆分：活跃唯一，归档可多条 (1.667791ms)
✔ 状态词与运营后台用同一套说法，且两个维度分开 (0.159125ms)
✔ 机器人占用指引说清先解绑，409不误导刷新 (0.316791ms)
✔ 会展标记兼容固定旧号与新ULID (0.177708ms)
✔ bound account is active and belongs to the current child; pending/retired/another child never grant report access (0.3395ms)
✔ chat destination never propagates credentials, parameters or executable URLs (0.165167ms)
✔ 面一：ready 且有人设时展示人设与匹配度 (0.991958ms)
✔ 面一：no_data 用人设自己的空态，不显示空白卡片 (0.085542ms)
✔ 面一：unbound / no_consent 给去「账户与关联」的入口 (0.085458ms)
✔ 面一：not_synced 说的是服务没接通，不说「暂无数据」 (0.052458ms)
✔ 面一：stale 仍显示上次成功的人设并标注 (0.052542ms)
✔ 面一：ready 但人设为空时按空态处理，不显示卡片 (1.184959ms)
✔ 面一：缺 availability 不崩，按取不到数据处置 (0.219041ms)
✔ 面一：match_score 非数字时不显数值 (0.321708ms)
✔ 面三：normal 显分数与观察天数 (0.743666ms)
✔ 面三：watch 只出轻提示，不显 health_score 数值 (0.265667ms)
✔ 面三：insufficient_data 不做判断，即使后端给了 0 分也不显示 (0.070625ms)
✔ 面三：reassess 只出建议文案，不显分数 (0.055792ms)
✔ 面三：未知 status 落「不做判断」分支，不按 normal 展示 (0.037917ms)
✔ 面三：no_data 与 insufficient_data 是同一句说法 (0.039458ms)
✔ 面三：unbound / no_consent / not_synced / error 都不显示数值 (0.059708ms)
✔ 面三：stale 显示上次成功的健康度并标注 (0.03725ms)
✔ 面三：health_score 非数字时不显分数 (0.043042ms)
✔ 来源标记：非合成数据不挂合成徽标 (0.042833ms)
✔ report uses source baseline/current/180-day curve and preserves zero and companion values over 100 (26.892416ms)
✔ canonical curve order ignores unknown days, leaves missing/duplicate days blank and never invents values (1.632125ms)
✔ numeric boundaries reject strings, booleans, infinities, negative and over-100 dimensions (1.080667ms)
✔ whitelisted report data and rendered HTML never carry credentials or injectable markup (1.164791ms)
✔ absent report, loading/error and partial data produce readable states without fabricated curves (0.183834ms)
✔ simulation curve uses real day spacing and does not change robot settings (2.043416ms)
✔ robot entry keeps bound chat independent of report read failures and preserves unbound CA experience (0.743959ms)
✔ zero is a saved interest answer and first unanswered question resumes (0.848708ms)
✔ ordered selection never resumes a different ranking or cancelled attempt (0.095167ms)
✔ completed view uses persisted result rather than invented scores (0.057333ms)
✔ a new historical exploration has its own refreshable address for both purposes (0.181ms)
✔ adopting a new attempt preserves bare exploration and unrelated routes (0.090375ms)
✔ 面二：ready 时给出周期、陪伴值增长、阶段与八维 (1.607583ms)
✔ 面二：八维按固定顺序给出，维度名取后端下发的中文 (1.272667ms)
✔ 面二：后端没给该维中文名时给兜底说法，不把英文 code 当维度名 (0.1335ms)
✔ 面二：整块没给中文名时不崩，八维仍按固定顺序给出 (0.080125ms)
✔ 面二：缺失维度给 null 并标「这段时间没有记录」，不补 0、不插值 (0.102916ms)
✔ 面二：维度值为 0 是数据，不当缺失处理 (0.06325ms)
✔ 面二：缺八维整块时八个维度全部标缺失，不崩 (0.062542ms)
✔ 面二：no_data + period_incomplete 说周期还没走完，不说「没有报告」 (0.074333ms)
✔ 面二：no_data + no_period_data 说这个周期还没有报告 (0.055167ms)
✔ 面二：unbound / no_consent 给去「账户与关联」的入口，其余不给 (0.113084ms)
✔ 面二：not_synced 说的是服务没接通，不说「暂无数据」 (0.061416ms)
✔ 面二：stale 仍显示上次成功的周期报告并标注 (0.063167ms)
✔ 面二：availability 非 ready/stale 时不带出任何数值 (0.054417ms)
✔ 面二：ready 但没有 period 时按「这个周期还没有报告」处理 (0.034041ms)
✔ 面二：未知阶段码不把英文 code 当阶段名显示 (0.038209ms)
✔ 面二：companion / engagement 非数字时不显数值 (0.043667ms)
✔ 面二：缺 availability 不崩，按取不到数据处置 (0.028333ms)
✔ 来源标记：非合成数据不挂合成徽标 (0.032ms)
✔ 面二：成长变化不被表述成能力评分 (0.030792ms)
✔ original four guide modes keep their names and greetings independently of CA style (1.494917ms)
✔ each original mode produces its actual first and final step speech (0.109416ms)
✔ web mode uses the real activity alternative for every preference (0.054125ms)
✔ longer activities and invalid historical records have a readable safe fallback (0.514541ms)
✔ guidance summary renders only known finite counts and never interpolates untrusted text (0.453334ms)
✔ seven legacy page names map to fixed CA routes and discard every old parameter (1.416375ms)
✔ local static server serves all legacy bridges and modules without weakening its allowlist (118.939916ms)
✔ all six original islands have three scenarios and every ordered triple has career/project content (4.514916ms)
✔ zero is a saved valid interest answer, unselected directions and malformed ratings are discarded (0.759875ms)
✔ completed UI requires all answers and an authoritative server result (0.658709ms)
✔ eight dimensions preserve the original 24 prompts and do not fill missing answers (0.626917ms)
✔ history uses published server scores and preserves ties without inventing a top three (0.981084ms)
✔ published question titles are escaped, and completed answers are read only (0.784209ms)
✔ consent cancellation and a stale asynchronous session do not open a questionnaire (0.920792ms)
✔ all four manual fingerprint guides retain observation, learning, communication and three-step activities (1.73975ms)
✔ modules never persist answers, results or images in browser storage or issue image network writes (0.339541ms)
✔ cancelling a changed completed selection restores its original answers and result (0.906709ms)
✔ a failed answer save does not advance or claim that the new answer was saved (0.856708ms)
✔ questionnaire options and historical review use escaped published-version labels (1.003625ms)
✔ a guarded new attempt adopts its refresh address before opening one-click question (0.67275ms)
✔ a stale restart never adopts an address or opens a new question (0.505583ms)
✔ 没有待处理建议时不显示任何 CTA (1.434208ms)
✔ 第 1 步：未回写时展示建议与两个按钮 (0.14775ms)
✔ 第 2 步：选择先不测后只剩一行，可展开看当时的建议 (0.085209ms)
✔ 第 3 步：已确认但未回写时出「开始复测」 (0.066625ms)
✔ 第 4 步：回写完成后给结果，刷新后只给中性说明 (0.09575ms)
✔ switch_recommended 真分支：展示新角色名与匹配度差 (0.05275ms)
✔ switch_recommended 假分支：不展示新角色名 (0.054917ms)
✔ 任何路径都不自动切换：不照抄响应里的 auto_switch (0.0715ms)
✔ 出站没确认时给一句可重试说明 (0.066ms)
✔ 回写失败时错误落在复测区块自己这一块 (0.092291ms)
✔ HTTP origin without randomUUID still generates distinct RFC 4122 v4 request IDs (2.22325ms)
✔ secure contexts can use the native crypto implementation (0.144834ms)
✔ missing cryptographic randomness does not silently generate weak IDs (0.129ms)
ℹ tests 111
ℹ suites 0
ℹ pass 111
ℹ fail 0
ℹ cancelled 0
ℹ skipped 0
ℹ todo 0
ℹ duration_ms 318.539583
