
> dingdong-parent@0.3.20 test:unit
> node --test unit/*.test.js

✔ 5xx 用统一文案，不带后端原始说法 (0.774791ms)
✔ 5xx 不把调试页文本或业务码当文案 (0.059542ms)
✔ 4xx 仍用后端给的业务文案与 code (0.047916ms)
✔ 5xx 且响应体解析不出内容时也给同一句 (0.046917ms)
✔ 429 保留 Retry-After，供发码倒计时使用 (34.255958ms)
✔ 凭据能从查询串里读出来 (1.87475ms)
✔ 凭据能从 hash 参数里读出来（NFC 标签常这么写） (0.129708ms)
✔ 查询串优先于 hash，两者都有时取查询串 (0.061708ms)
✔ 裸 + 不当空格：token 是不透明字符串，不能改写它的字节 (0.05575ms)
✔ 没有凭据就是空串，不猜也不报错 (0.080375ms)
✔ 同名参数取第一个 (0.047917ms)
✔ 机器人标识是独立参数，不影响取凭据 (0.416834ms)
✔ 摘掉凭据后，hash 路由与其他参数都还在 (0.499208ms)
✔ 摘掉机器人标识，凭据一并不留 (0.144959ms)
✔ 没有凭据时，地址原样不动（幂等） (0.260125ms)
✔ 换机信号只认服务端那一个错误码 (0.074583ms)
✔ 账户拆分：活跃唯一，归档可多条 (0.761166ms)
✔ 状态词与运营后台用同一套说法，且两个维度分开 (0.051125ms)
✔ 面一：ready 且有人设时展示人设与匹配度 (2.303625ms)
✔ 面一：no_data 用人设自己的空态，不显示空白卡片 (0.249958ms)
✔ 面一：unbound / no_consent 给去「账户与关联」的入口 (0.191542ms)
✔ 面一：not_synced 说的是服务没接通，不说「暂无数据」 (0.229208ms)
✔ 面一：stale 仍显示上次成功的人设并标注 (2.357292ms)
✔ 面一：ready 但人设为空时按空态处理，不显示卡片 (0.236916ms)
✔ 面一：缺 availability 不崩，按取不到数据处置 (0.207375ms)
✔ 面一：match_score 非数字时不显数值 (0.158083ms)
✔ 面三：normal 显分数与观察天数 (0.315709ms)
✔ 面三：watch 只出轻提示，不显 health_score 数值 (0.336709ms)
✔ 面三：insufficient_data 不做判断，即使后端给了 0 分也不显示 (0.167584ms)
✔ 面三：reassess 只出建议文案，不显分数 (0.12725ms)
✔ 面三：未知 status 落「不做判断」分支，不按 normal 展示 (0.118792ms)
✔ 面三：no_data 与 insufficient_data 是同一句说法 (0.110083ms)
✔ 面三：unbound / no_consent / not_synced / error 都不显示数值 (0.138541ms)
✔ 面三：stale 显示上次成功的健康度并标注 (0.087042ms)
✔ 面三：health_score 非数字时不显分数 (0.108917ms)
✔ 来源标记：非合成数据不挂合成徽标 (0.102209ms)
✔ zero is a saved interest answer and first unanswered question resumes (1.198417ms)
✔ ordered selection never resumes a different ranking or cancelled attempt (0.102916ms)
✔ completed view uses persisted result rather than invented scores (0.05475ms)
✔ a new historical exploration has its own refreshable address for both purposes (0.239125ms)
✔ adopting a new attempt preserves bare exploration and unrelated routes (0.085625ms)
✔ 面二：ready 时给出周期、陪伴值增长、阶段与八维 (1.508125ms)
✔ 面二：八维按固定顺序给出，维度名取后端下发的中文 (0.74025ms)
✔ 面二：后端没给该维中文名时给兜底说法，不把英文 code 当维度名 (0.23675ms)
✔ 面二：整块没给中文名时不崩，八维仍按固定顺序给出 (0.142833ms)
✔ 面二：缺失维度给 null 并标「这段时间没有记录」，不补 0、不插值 (0.182583ms)
✔ 面二：维度值为 0 是数据，不当缺失处理 (0.223375ms)
✔ 面二：缺八维整块时八个维度全部标缺失，不崩 (0.378ms)
✔ 面二：no_data + period_incomplete 说周期还没走完，不说「没有报告」 (0.352ms)
✔ 面二：no_data + no_period_data 说这个周期还没有报告 (0.090291ms)
✔ 面二：unbound / no_consent 给去「账户与关联」的入口，其余不给 (0.137084ms)
✔ 面二：not_synced 说的是服务没接通，不说「暂无数据」 (0.084667ms)
✔ 面二：stale 仍显示上次成功的周期报告并标注 (0.058709ms)
✔ 面二：availability 非 ready/stale 时不带出任何数值 (0.060875ms)
✔ 面二：ready 但没有 period 时按「这个周期还没有报告」处理 (0.03725ms)
✔ 面二：未知阶段码不把英文 code 当阶段名显示 (0.04825ms)
✔ 面二：companion / engagement 非数字时不显数值 (0.054625ms)
✔ 面二：缺 availability 不崩，按取不到数据处置 (0.033083ms)
✔ 来源标记：非合成数据不挂合成徽标 (0.035958ms)
✔ 面二：成长变化不被表述成能力评分 (0.025209ms)
✔ all six original islands have three scenarios and every ordered triple has career/project content (6.413667ms)
✔ zero is a saved valid interest answer, unselected directions and malformed ratings are discarded (0.813042ms)
✔ completed UI requires all answers and an authoritative server result (0.624167ms)
✔ eight dimensions preserve the original 24 prompts and do not fill missing answers (0.622042ms)
✔ history uses published server scores and preserves ties without inventing a top three (0.9925ms)
✔ published question titles are escaped, and completed answers are read only (0.673ms)
✔ consent cancellation and a stale asynchronous session do not open a questionnaire (0.61225ms)
✔ all four manual fingerprint guides retain observation, learning, communication and three-step activities (1.229375ms)
✔ modules never persist answers, results or images in browser storage or issue image network writes (0.317ms)
✔ cancelling a changed completed selection restores its original answers and result (0.805625ms)
✔ a failed answer save does not advance or claim that the new answer was saved (0.85425ms)
✔ questionnaire options and historical review use escaped published-version labels (0.916917ms)
✔ a guarded new attempt adopts its refresh address before opening one-click question (0.645541ms)
✔ a stale restart never adopts an address or opens a new question (0.578292ms)
✔ 没有待处理建议时不显示任何 CTA (2.708625ms)
✔ 第 1 步：未回写时展示建议与两个按钮 (0.139125ms)
✔ 第 2 步：选择先不测后只剩一行，可展开看当时的建议 (0.09575ms)
✔ 第 3 步：已确认但未回写时出「开始复测」 (0.088375ms)
✔ 第 4 步：回写完成后给结果，刷新后只给中性说明 (0.108375ms)
✔ switch_recommended 真分支：展示新角色名与匹配度差 (0.053125ms)
✔ switch_recommended 假分支：不展示新角色名 (0.198917ms)
✔ 任何路径都不自动切换：不照抄响应里的 auto_switch (0.154625ms)
✔ 出站没确认时给一句可重试说明 (0.159417ms)
✔ 回写失败时错误落在复测区块自己这一块 (0.333041ms)
✔ HTTP origin without randomUUID still generates distinct RFC 4122 v4 request IDs (2.1635ms)
✔ secure contexts can use the native crypto implementation (0.136916ms)
✔ missing cryptographic randomness does not silently generate weak IDs (0.131209ms)
ℹ tests 87
ℹ suites 0
ℹ pass 87
ℹ fail 0
ℹ cancelled 0
ℹ skipped 0
ℹ todo 0
ℹ duration_ms 123.713375
