bca9cc04daf17900e052280d5d5dca56c8ba731ff3cd864278b29f50661017df  /opt/dingdong/backups/pre-v0.3.24-20261001.dump
BACKUP_BYTES=191181 MODE=600
BACKUP_LIST_VERIFIED
dingdong-v0.3.24.tar.gz: OK
DEPRECATED: The legacy builder is deprecated and will be removed in a future release.
            Install the buildx component to build images with BuildKit:
            https://docs.docker.com/go/buildx/

Sending build context to Docker daemon  7.417MB
Step 1/5 : FROM dingdong-backend:0.3.20
 ---> 3410b564a9db
Step 2/5 : USER root
 ---> Using cache
 ---> 18a9407f1d29
Step 3/5 : COPY --chown=app:app backend/ /app/
 ---> eef55af21993
Step 4/5 : RUN DJANGO_SETTINGS_MODULE=config.settings.base .venv/bin/python manage.py collectstatic --noinput
 ---> Running in ee793097be22

1 static file copied to '/app/staticfiles', 171 unmodified.
 ---> Removed intermediate container ee793097be22
 ---> bb7074b0322e
Step 5/5 : USER app
 ---> Running in ac35d07d614c
 ---> Removed intermediate container ac35d07d614c
 ---> e18fd9397e80
Successfully built e18fd9397e80
Successfully tagged dingdong-backend:0.3.24
DEPRECATED: The legacy builder is deprecated and will be removed in a future release.
            Install the buildx component to build images with BuildKit:
            https://docs.docker.com/go/buildx/

Sending build context to Docker daemon  7.417MB
Step 1/7 : FROM dingdong-web:0.3.20
 ---> a66800a4c917
Step 2/7 : COPY deploy/nginx.conf.template /etc/nginx/templates/default.conf.template
 ---> Using cache
 ---> e0d1d0b8467c
Step 3/7 : COPY frontend/index.html frontend/*.css frontend/app.js frontend/bootstrap.js frontend/api.js frontend/playworld.js frontend/companion.js frontend/reassessment.js frontend/growth-cycle.js frontend/ca-link.js frontend/dingdong-report.js frontend/ui-components.js frontend/talent-data.js frontend/talent-explorer.js frontend/career-data.js frontend/career-explorer.js frontend/riasec.js frontend/island-explorer.js frontend/fingerprint-guide.js frontend/fingerprint.js frontend/exploration-session.js frontend/guide-preference.js frontend/legacy.js /usr/share/nginx/html/
 ---> cb118dec92d4
Step 4/7 : COPY frontend/daily.html frontend/test.html frontend/result.html frontend/thumb.html frontend/island.html frontend/blindbox.html frontend/report.html /usr/share/nginx/html/
 ---> f8a440b5edd5
Step 5/7 : COPY frontend/assets /usr/share/nginx/html/assets
 ---> b350bd52fdc4
Step 6/7 : COPY VERSION /usr/share/nginx/html/version.txt
 ---> f46c170998b6
Step 7/7 : RUN find /usr/share/nginx/html -type d -exec chmod 755 {} +     && find /usr/share/nginx/html -type f -exec chmod 644 {} +
 ---> Running in 83ca61abaccb
 ---> Removed intermediate container 83ca61abaccb
 ---> 386eaa29112d
Successfully built 386eaa29112d
Successfully tagged dingdong-web:0.3.24
System check identified no issues (0 silenced).
Operations to perform:
  Apply all migrations: admin, auth, contenttypes, core, sessions, testsupport, users
Running migrations:
  Applying core.0017_exhibition_visits... OK
 Container dingdong-prod-trial-api-1  Recreate
 Container dingdong-prod-trial-api-1  Recreated
 Container dingdong-prod-trial-web-1  Recreate
 Container dingdong-prod-trial-beat-1  Recreate
 Container dingdong-prod-trial-worker-1  Recreate
 Container dingdong-prod-trial-web-1  Recreated
 Container dingdong-prod-trial-beat-1  Recreated
 Container dingdong-prod-trial-worker-1  Recreated
 Container dingdong-prod-trial-api-1  Starting
 Container dingdong-prod-trial-api-1  Started
 Container dingdong-prod-trial-api-1  Waiting
 Container dingdong-prod-trial-api-1  Waiting
 Container dingdong-prod-trial-api-1  Waiting
 Container dingdong-prod-trial-api-1  Healthy
 Container dingdong-prod-trial-beat-1  Starting
 Container dingdong-prod-trial-api-1  Healthy
 Container dingdong-prod-trial-worker-1  Starting
 Container dingdong-prod-trial-api-1  Healthy
 Container dingdong-prod-trial-web-1  Starting
 Container dingdong-prod-trial-worker-1  Started
 Container dingdong-prod-trial-web-1  Started
 Container dingdong-prod-trial-beat-1  Started
DEPLOY_V0323_FINISHED
