STEP page (dashboard) {"status":200,"len":1335}
STEP page families/ {"status":200,"len":664}
STEP page questionnaires/ {"status":200,"len":651}
STEP page activities/ {"status":200,"len":1001}
STEP page reports/ {"status":200,"len":481}
STEP page jobs/ {"status":200,"len":671}
STEP page ca-accounts/ {"status":200,"len":933}
STEP page services/ {"status":200,"len":471}
STEP page services/?status=open {"status":200,"len":471}
STEP page accounts/ {"status":200,"len":552}
STEP page audit/ {"status":200,"len":1985}
STEP page password/ {"status":200,"len":407}
STEP detail /ops/families/28258bc5-6d19-48da-9632-6b561354c0ed/ {"status":200}
STEP detail /ops/questionnaires/20570d8d-3cb6-42bc-af5d-b4a5f6109279/ {"status":200}
STEP detail /ops/activities/e543d1ce-7e8b-53af-b54c-8bb330afedb3/ {"status":200}
STEP detail /ops/children/4b1ea0f5-01dd-44a4-be4a-055dd8093d9f/ {"status":200}
STEP detail /ops/jobs/ecc45bf2-cafc-4a78-9a4a-b24619d9e9d8/ {"status":200}
STEP detail /ops/accounts/650d29f0-a7dc-4075-a016-b2a98dca9696/ {"status":200}
FAILED []
ERRORS []
