STEP 准备完成 {"phone":"13789790500","childId":"4b1ea0f5-01dd-44a4-be4a-055dd8093d9f","accountId":"ca_01M33JJ42FKCPG9CSFX489C1JK"}
STEP T-043 人设卡 {"text":"Newton | 科学 | 科学探索陪学伙伴 | 匹配度 | 73 / 100 | 匹配度由机器人服务按互动给出（0–100），不是能力评价。 | 学习风格：认知（由机器人服务提供）。 | 绑定于 2026/09/01 02:05","hasInternalWording":false,"styleTitles":["cognitive","权重版本 pw_v1"]}
STEP page home {"overflow":0,"len":475}
STEP page explore {"overflow":0,"len":450}
STEP page journey {"overflow":0,"len":96}
STEP page reports {"overflow":0,"len":980}
STEP page companion {"overflow":0,"len":141}
STEP page settings {"overflow":0,"len":748}
STEP page services {"overflow":0,"len":172}
STEP page help {"overflow":0,"len":26}
STEP 归档后口径 {"settings":"巡检第五轮儿童 · 成长空间 | 账户与关联 | 管理档案、用途授权与机器人数据关联。 | 伙伴引导 | 家长支持 | 儿童档案 | 巡检第五轮儿童 | 性别未填写 · 出生日期未填写 | 编辑档案 | 添加儿童档案 | 家长账户 | 137****0500 | 退出后清理当前页面数据，已保存的记录仍属于你的账户。 | 退出登录 | 用途授权 | 本次测评处理 | 尚未授权 | 机器人数据同步 | 已同意 撤回授权 | 撤回会阻止后续处理；如果需要清除已有数据，请提交删除事项。 | 机器人账户 | 每台机器人配一个账户号，DingDong 侧按这个号交换这台机器人上属于 巡检第五轮儿童 的观察数据。号由我方生成，对方只做不透明保存。 | 巡检第五轮儿童 还没有机器人账户号。拿到机器人上的凭据后，点下面的按钮开始绑定。 | 绑定机器人 | 上一台机器的账户 | 上一台机器人 | ca_01M33JJ42FKCPG9CSFX489C1JK | 已归档 | 机器人标识（前 8 位）5f7c4a0c · 建立于 2026/09/22 11:29 · 归档于 2026/09/22 11:29 | 旧号归档后不再使用，也永远不会重发给别的机器人。这段时期的报告按孩子保存，在「测评与报告」里仍然看得到。 | 一台机器人只服务一个孩子；同一台机器人再次绑定会复用原来的号，不换号。它与下面的「机器人数据关联」是两件事：账户号是我们给机器人的身份，关联是我们本地确认数据算谁。 | 机器人数据关联 | 使用数据提供方的核验凭据确认儿童归属。 | 核验并关联 | 此处只管理 CA 的本地关联，不代表已修改机器人的设置。 | 服务与数据处理 | 需要帮助、资料修正或删除儿童数据时，可以登记事项并查看处理结果。 | 需要帮助 | 申请资料修正 | 申请删除儿童数据 | 处理回执 | 还没有提交过服务事项。","reports":"巡检第五轮儿童 · 成长空间 | 测评与报告 | 初始测评、机器人观察与网页活动分别呈现。 | 探索偏好体验 | 从几个日常小情境开始，听听孩子此刻的想法。非正式测评，不做天赋或能力评分。 | 开始探索体验 | 题目来自后台已发布的体验题库，答案按儿童档案保存。 | 初始测评 | 通过日常情境题了解孩子的近期状态，完成后生成初始报告。 | 开始测评 | 陪学伙伴 | 还没有绑定机器人 | 绑定后这里会显示陪伴数据。 | 管理关联与授权 | 互动健康度 | 还没有绑定机器人 | 绑定后这里会显示陪伴数据。 | 管理关联与授权 | 这是互动情况的提示，不是对孩子的评价。 | 已生成报告 | 阶段报告 | 生成于 2026/09/22 11:29 | 2026/09/01 08:00 — 2026/09/08 08:00 | 查看阶段报告 
FAILED [
  {
    "status": 401,
    "url": "http://127.0.0.1:4173/api/v1/auth/refresh",
    "method": "POST"
  },
  {
    "status": 401,
    "url": "http://127.0.0.1:4173/api/v1/auth/refresh",
    "method": "POST"
  }
]
ERRORS [
  "console: Failed to load resource: the server responded with a status of 401 (Unauthorized)",
  "console: Failed to load resource: the server responded with a status of 401 (Unauthorized)"
]
