Operations to perform:
  Apply all migrations: admin, auth, contenttypes, core, sessions, testsupport, users
Running migrations:
  Applying contenttypes.0001_initial... OK
  Applying contenttypes.0002_remove_content_type_name... OK
  Applying auth.0001_initial... OK
  Applying auth.0002_alter_permission_name_max_length... OK
  Applying auth.0003_alter_user_email_max_length... OK
  Applying auth.0004_alter_user_username_opts... OK
  Applying auth.0005_alter_user_last_login_null... OK
  Applying auth.0006_require_contenttypes_0002... OK
  Applying auth.0007_alter_validators_add_error_messages... OK
  Applying auth.0008_alter_user_username_max_length... OK
  Applying auth.0009_alter_user_last_name_max_length... OK
  Applying auth.0010_alter_group_name_max_length... OK
  Applying auth.0011_update_proxy_permissions... OK
  Applying auth.0012_alter_user_first_name_max_length... OK
  Applying users.0001_initial... OK
  Applying admin.0001_initial... OK
  Applying admin.0002_logentry_remove_auto_add... OK
  Applying admin.0003_logentry_add_action_flag_choices... OK
  Applying core.0001_initial... OK
  Applying core.0002_backgroundjob_assessmentsession_algorithmattempt_and_more... OK
  Applying core.0003_datarequest_externalassociation_jobobservation_and_more... OK
  Applying core.0004_questionnaireversion_description_and_more... OK
  Applying core.0005_alter_questionnaireversion_options_and_more... OK
  Applying core.0006_auditevent_detail_auditevent_target_label_and_more... OK
  Applying core.0007_activitycontentversion_create_request_key_and_more... OK
  Applying core.0008_caaccount... OK
  Applying core.0009_careassessmentevent... OK
  Applying core.0010_alter_careassessmentevent_event_id_and_more... OK
  Applying core.0011_alter_questionnaireversion_purpose_and_more... OK
  Applying core.0012_dingdongpushevent... OK
  Applying core.0013_extend_sms_challenge_states... OK
  Applying core.0014_remove_activitycontentversion_activity_origin_and_more... OK
  Applying core.0015_childcompanionpreference_activityrecord_guide_mode_and_more... OK
  Applying core.0016_prototypereportsnapshot_caaccount_prototype_demo_and_more... OK
  Applying sessions.0001_initial... OK
  Applying testsupport.0001_initial... OK
