
> dingdong-parent@0.3.24 test:unit
> node --test unit/*.test.js

✔ 5xx 用统一文案，不带后端原始说法 (0.823291ms)
✔ 5xx 不把调试页文本或业务码当文案 (0.064292ms)
✔ 4xx 仍用后端给的业务文案与 code (0.046708ms)
✔ 5xx 且响应体解析不出内容时也给同一句 (0.045917ms)
✔ 429 保留 Retry-After，供发码倒计时使用 (51.685042ms)
✔ each HTML executable and stylesheet and its entire production import graph uses the release version (3.42325ms)
✔ all supported web images ship bootstrap and mutable production assets cannot be heuristically cached (1.662417ms)
✔ module link failure produces one recovery view and never automatically reloads (2.007292ms)
✔ watchdog waits for app first render and is cancelled when app takes over (0.139917ms)
✔ a stalled boot shows finite recovery once without another load attempt (0.082583ms)
✔ recovery view is plain parent text, clears busy and retries only after explicit click (0.176209ms)
✔ 凭据能从查询串里读出来 (1.287125ms)
✔ 凭据能从 hash 参数里读出来（NFC 标签常这么写） (0.104ms)
✔ 查询串优先于 hash，两者都有时取查询串 (0.052541ms)
✔ 裸 + 不当空格：token 是不透明字符串，不能改写它的字节 (0.055166ms)
✔ 没有凭据就是空串，不猜也不报错 (0.079458ms)
✔ 同名参数取第一个 (0.3185ms)
✔ 机器人标识是独立参数，不影响取凭据 (0.39525ms)
✔ 摘掉凭据后，hash 路由与其他参数都还在 (0.396125ms)
✔ 摘掉机器人标识，凭据一并不留 (0.303041ms)
✔ 没有凭据时，地址原样不动（幂等） (0.312167ms)
✔ 换机信号只认服务端那一个错误码 (0.182708ms)
✔ 账户拆分：活跃唯一，归档可多条 (1.286708ms)
✔ 状态词与运营后台用同一套说法，且两个维度分开 (0.0515ms)
✔ 机器人占用指引说清先解绑，409不误导刷新 (0.074625ms)
✔ 会展标记兼容固定旧号与新ULID (0.043459ms)
✔ bound account is active and belongs to the current child; pending/retired/another child never grant report access (0.159667ms)
✔ chat destination never propagates credentials, parameters or executable URLs (0.11925ms)
✔ 面一：ready 且有人设时展示人设与匹配度 (2.209459ms)
✔ 面一：no_data 用人设自己的空态，不显示空白卡片 (0.135458ms)
✔ 面一：unbound / no_consent 给去「账户与关联」的入口 (0.095666ms)
✔ 面一：not_synced 说的是服务没接通，不说「暂无数据」 (0.05475ms)
✔ 面一：stale 仍显示上次成功的人设并标注 (0.942583ms)
✔ 面一：ready 但人设为空时按空态处理，不显示卡片 (0.329416ms)
✔ 面一：缺 availability 不崩，按取不到数据处置 (0.170708ms)
✔ 面一：match_score 非数字时不显数值 (0.277417ms)
✔ 面三：normal 显分数与观察天数 (1.296ms)
✔ 面三：watch 只出轻提示，不显 health_score 数值 (0.409583ms)
✔ 面三：insufficient_data 不做判断，即使后端给了 0 分也不显示 (0.217334ms)
✔ 面三：reassess 只出建议文案，不显分数 (0.17375ms)
✔ 面三：未知 status 落「不做判断」分支，不按 normal 展示 (0.140167ms)
✔ 面三：no_data 与 insufficient_data 是同一句说法 (0.105125ms)
✔ 面三：unbound / no_consent / not_synced / error 都不显示数值 (0.284792ms)
✔ 面三：stale 显示上次成功的健康度并标注 (0.150958ms)
✔ 面三：health_score 非数字时不显分数 (0.113958ms)
✔ 来源标记：非合成数据不挂合成徽标 (0.565542ms)
✔ report uses source baseline/current/180-day curve and preserves zero and companion values over 100 (21.506667ms)
✔ canonical curve order ignores unknown days, leaves missing/duplicate days blank and never invents values (1.419583ms)
✔ numeric boundaries reject strings, booleans, infinities, negative and over-100 dimensions (1.023375ms)
✔ whitelisted report data and rendered HTML never carry credentials or injectable markup (3.632708ms)
✔ absent report, loading/error and partial data produce readable states without fabricated curves (0.288083ms)
✔ simulation curve uses real day spacing and does not change robot settings (2.804333ms)
✔ robot entry keeps bound chat independent of report read failures and preserves unbound CA experience (0.540166ms)
✔ zero is a saved interest answer and first unanswered question resumes (0.830667ms)
✔ ordered selection never resumes a different ranking or cancelled attempt (0.091084ms)
✔ completed view uses persisted result rather than invented scores (0.057458ms)
✔ a new historical exploration has its own refreshable address for both purposes (0.240833ms)
✔ adopting a new attempt preserves bare exploration and unrelated routes (0.0885ms)
✔ 面二：ready 时给出周期、陪伴值增长、阶段与八维 (1.636458ms)
✔ 面二：八维按固定顺序给出，维度名取后端下发的中文 (0.113208ms)
✔ 面二：后端没给该维中文名时给兜底说法，不把英文 code 当维度名 (1.71225ms)
✔ 面二：整块没给中文名时不崩，八维仍按固定顺序给出 (0.080875ms)
✔ 面二：缺失维度给 null 并标「这段时间没有记录」，不补 0、不插值 (0.094667ms)
✔ 面二：维度值为 0 是数据，不当缺失处理 (0.060708ms)
✔ 面二：缺八维整块时八个维度全部标缺失，不崩 (0.059125ms)
✔ 面二：no_data + period_incomplete 说周期还没走完，不说「没有报告」 (0.066459ms)
✔ 面二：no_data + no_period_data 说这个周期还没有报告 (0.054125ms)
✔ 面二：unbound / no_consent 给去「账户与关联」的入口，其余不给 (0.140333ms)
✔ 面二：not_synced 说的是服务没接通，不说「暂无数据」 (0.054459ms)
✔ 面二：stale 仍显示上次成功的周期报告并标注 (0.052042ms)
✔ 面二：availability 非 ready/stale 时不带出任何数值 (0.052834ms)
✔ 面二：ready 但没有 period 时按「这个周期还没有报告」处理 (0.033833ms)
✔ 面二：未知阶段码不把英文 code 当阶段名显示 (0.040833ms)
✔ 面二：companion / engagement 非数字时不显数值 (0.042541ms)
✔ 面二：缺 availability 不崩，按取不到数据处置 (0.03425ms)
✔ 来源标记：非合成数据不挂合成徽标 (0.033ms)
✔ 面二：成长变化不被表述成能力评分 (0.031ms)
✔ original four guide modes keep their names and greetings independently of CA style (1.452625ms)
✔ each original mode produces its actual first and final step speech (0.115625ms)
✔ web mode uses the real activity alternative for every preference (0.055709ms)
✔ longer activities and invalid historical records have a readable safe fallback (0.069917ms)
✔ guidance summary renders only known finite counts and never interpolates untrusted text (0.232ms)
✔ seven legacy page names map to fixed CA routes and discard every old parameter (1.470666ms)
✔ local static server serves all legacy bridges and modules without weakening its allowlist (118.060625ms)
✔ all six original islands have three scenarios and every ordered triple has career/project content (4.717375ms)
✔ zero is a saved valid interest answer, unselected directions and malformed ratings are discarded (0.865167ms)
✔ completed UI requires all answers and an authoritative server result (0.67875ms)
✔ eight dimensions preserve the original 24 prompts and do not fill missing answers (0.692125ms)
✔ history uses published server scores and preserves ties without inventing a top three (1.095625ms)
✔ published question titles are escaped, and completed answers are read only (1.228375ms)
✔ consent cancellation and a stale asynchronous session do not open a questionnaire (0.847667ms)
✔ all four manual fingerprint guides retain observation, learning, communication and three-step activities (1.477583ms)
✔ modules never persist answers, results or images in browser storage or issue image network writes (0.326625ms)
✔ cancelling a changed completed selection restores its original answers and result (0.796167ms)
✔ a failed answer save does not advance or claim that the new answer was saved (0.80975ms)
✔ questionnaire options and historical review use escaped published-version labels (0.987083ms)
✔ a guarded new attempt adopts its refresh address before opening one-click question (0.636667ms)
✔ a stale restart never adopts an address or opens a new question (0.524208ms)
✔ 没有待处理建议时不显示任何 CTA (1.529125ms)
✔ 第 1 步：未回写时展示建议与两个按钮 (0.110084ms)
✔ 第 2 步：选择先不测后只剩一行，可展开看当时的建议 (0.070417ms)
✔ 第 3 步：已确认但未回写时出「开始复测」 (0.059458ms)
✔ 第 4 步：回写完成后给结果，刷新后只给中性说明 (0.088208ms)
✔ switch_recommended 真分支：展示新角色名与匹配度差 (0.048625ms)
✔ switch_recommended 假分支：不展示新角色名 (0.046958ms)
✔ 任何路径都不自动切换：不照抄响应里的 auto_switch (0.070292ms)
✔ 出站没确认时给一句可重试说明 (0.068125ms)
✔ 回写失败时错误落在复测区块自己这一块 (0.093333ms)
✔ HTTP origin without randomUUID still generates distinct RFC 4122 v4 request IDs (1.751542ms)
✔ secure contexts can use the native crypto implementation (0.124917ms)
✔ missing cryptographic randomness does not silently generate weak IDs (0.109709ms)
ℹ tests 111
ℹ suites 0
ℹ pass 111
ℹ fail 0
ℹ cancelled 0
ℹ skipped 0
ℹ todo 0
ℹ duration_ms 352.913792
