(node:77034) Warning: The 'NO_COLOR' env is ignored due to the 'FORCE_COLOR' env being set.
(Use `node --trace-warnings ...` to show where the warning was created)
STEP page (dashboard) {"status":200}
STEP page families/ {"status":200}
STEP page questionnaires/ {"status":200}
STEP page activities/ {"status":200}
STEP page reports/ {"status":200}
STEP page jobs/ {"status":200}
STEP page ca-accounts/ {"status":200}
STEP page services/ {"status":200}
STEP page services/?status=open {"status":200}
STEP page accounts/ {"status":200}
STEP page audit/ {"status":200}
STEP page password/ {"status":200}
STEP detail /ops/services/d01f56e3-12c5-4ef7-a678-58d27ec1480d/ {"status":200}
STEP detail /ops/families/56781654-45cf-41a7-8f62-a385bdb121a9/ {"status":200}
STEP detail /ops/questionnaires/f9f4a99b-cfae-4d97-9991-e02364c1c332/ {"status":200}
STEP detail /ops/activities/289f3c12-fd3e-42a1-9142-939eb08edd75/ {"status":200}
STEP detail /ops/children/3ba6f3aa-8b9b-4599-905a-d1a9d6cbcff0/ {"status":200}
STEP detail /ops/jobs/d0162d9a-81bd-428e-88f6-0067d28af548/ {"status":200}
STEP detail /ops/services/153c1ebf-de17-4ca8-be69-2631692eb613/ {"status":200}
STEP detail /ops/services/153c1ebf-de17-4ca8-be69-2631692eb613/ {"status":200}
STEP detail /ops/accounts/f4aaf867-e0ac-43c8-852b-753a35ac11db/ {"status":200}
ROWS services [["家长求助","小米的新称呼","未填写 +8613809963371","家长需要人工支持","待处理","2026-09-18 07:09","—","查看处理"],["数据删除申请","儿童数据已删除","未填写 +8613817197161","家长要求删除儿童数据","已完成","2026-09-18 07:08","2026-09-18 07:08","查看处理"],["家长求助","小米的新称呼","未填写 +8613809229754","家长需要人工支持","待处理","2026-09-18 06:45","—","查看处理"],["数据删除申请","儿童数据已删除","未填写 +8613851906830","家长要求删除儿童数据","已完成","2026-09-18 06:44","2026-09-18 06:44","查看处理"],["家长求助","T041巡检儿童-d65f44","未填写 +8613700d65f4","家长需要人工支持","待处理","2026-09-18 06:40","—","查看处理"],["资料更正申请","合成儿童1","未填写 +8613900000001","家长要求更正档案信息","已完成","2026-09-18 06:11","2026-09-18 06:11","查看处理"],["资料更正申请","合成儿童1","未填写 +8613900000001","家长要求更正档案信息","已完成","2026-09-18 06:07","2026-09-18 06:07","查看处理"],["家长求助","T041巡检儿童-34b6ca","未填写 +861370034b6c","家长需要人工支持","待处理","2026-09-18 05:58","—","查看处理"],["家长求助","小米的新称呼","未填写 +8613800881768","家长需要人工支持","待处理","2026-09-18 04:29","—","查看处理"],["数据删除申请","儿童数据已删除","未填写 +8613808826444","家长要求删除儿童数据","已完成","2026-09-18 04:28","2026-09-18 04:28","查看处理"],["家长求助","小米的新称呼","未填写 +8613860763280","家长需要人工支持","待处理","2026-09-17 20:32","—","查看处理"],["数据删除申请","儿童数据已删除","未填写 +8613878421588","家长要求删除儿童数据","已完成","2026-09-17 20:31","2026-09-17 20:31","查看处理"]]
ROWS ca-accounts [["ca_01M2RT9M3GMT7HDQM2FHCC6Y1J","巡检真分支儿童","未填写 +8613808528387","未上报 凭据前 8 位 50dc9a0a","待接通","使用中","2026-09-18 07:12","—"],["ca_01M2RSJCWEB6J4C9S49W95GNS8","复测对话框儿童","未填写 +8613735469416","未上报 凭据前 8 位 ef9f97fa","待接通","使用中","2026-09-18 07:00","—"],["ca_01M2RRQSXDY96QY6HBNM4X9D23","标识合成儿童","未填写 +8613921340898","未上报 凭据前 8 位 19900715","待接通","使用中","2026-09-18 06:45","—"],["ca_01M2RRHM6B39RWPE6EAZP4PY13","窄屏合成儿童","未填写 +8613979828974","未上报 凭据前 8 位 26b121a3","待接通","使用中","2026-09-18 06:42","—"],["ca_01M2RRHD2VCJ8Z9GDAN0DGV6PA","截图合成儿童","未填写 +8613963151590","未上报 凭据前 8 位 5646db9f","待接通","使用中","2026-09-18 06:42","—"],["ca_01M2RRH0F4CMX7H5ZK7SSBQAJW","新会话合成儿童","未填写 +8613939887749","未上报 凭据前 8 位 e2584613","待接通","使用中","2026-09-18 06:41","—"],["ca_01M2RRGRZK1BZTVS0JMEC52MYB","落点合成儿童","未填写 +8613945152072","未上报 凭据前 8 位 954eb104","待接通","使用中","2026-09-18 06:41","—"],["ca_01M2RRGJCPK6PWBYYSDCZ1695M","换机合成儿童","未填写 +8613911809387","未上报 凭据前 8 位 5597e10a","待接通","使用中","2026-09-18 06:41","—"],["ca_01M2RRGF2S1GX86751JGYKMKHP","换机合成儿童","未填写 +8613911809387","未上报 凭据前 8 位 2f81bcf6","待接通","已归档","2026-09-18 06:41","2026-09-18 06:41"],["ca_01M2RRG717S3SC1TZ02DM22EH5","复用合成儿童","未填写 +8613958622215","未上报 凭据前 8 位 df1703c
ROWS families [["未填写","+8613808528387","巡检真分支儿童 · 未填写 · 正常","正常","2026-09-18 07:12","查看家庭"],["未填写","+8613815392240","浏览器合成儿童 · 未填写 · 正常","正常","2026-09-18 07:11","查看家庭"],["未填写","+8613809963371","小米的新称呼 · 未填写 · 正常","正常","2026-09-18 07:09","查看家庭"],["未填写","+8613870954406","小禾（体验测试） · 未填写 · 正常","正常","2026-09-18 07:09","查看家庭"],["未填写","+8613883823088","浏览器合成儿童 · 未填写 · 正常","正常","2026-09-18 07:08","查看家庭"],["未填写","+8613817197161","暂无儿童档案","正常","2026-09-18 07:08","查看家庭"],["未填写","+8613868540152","合成儿童甲 · 未填写 · 正常\n合成儿童乙 · 未填写 · 正常","正常","2026-09-18 07:08","查看家庭"],["未填写","+8613804862984","浏览器合成儿童 · 未填写 · 正常","正常","2026-09-18 07:08","查看家庭"],["未填写","+8613888408555","浏览器合成儿童 · 未填写 · 正常","正常","2026-09-18 07:07","查看家庭"],["未填写","+8613895978972","浏览器合成儿童 · 未填写 · 正常","正常","2026-09-18 07:06","查看家庭"],["未填写","+8613735469416","复测对话框儿童 · 未填写 · 正常","正常","2026-09-18 06:59","查看家庭"],["未填写","+8613844474289","浏览器合成儿童 · 未填写 · 正常","正常","2026-09-18 06:46","查看家庭"]]
ROWS accounts [["管理员","系统负责人，拥有全部权限","全部菜单，含账号管理与操作审计"],["运营","日常运营专员","工作首页、家庭与儿童、服务事项、报告查看"],["内容运营","维护题库与活动内容","题库管理、活动管理"],["技术运维","处理生成异常与同步问题","生成任务重试、同步暂停恢复、数据删除执行"],["admin 当前账号","—","超级管理员","启用","2026-09-18 07:12","管理"],["ops-accept-mu4ylyi5-1-b378d9","管理员甲","管理员","已停用","2026-09-17 11:17","管理"],["ops-accept-mu4ym3p5-2-7524fe","运营乙","运营","已停用","2026-09-17 11:18","管理"],["ops-accept-mu4ymfxw-3-f0fafc","内容丙","内容运营","已停用","2026-09-17 11:18","管理"],["ops-accept-mu4ymvzk-1-da421a","内容丙","内容运营","已停用","2026-09-17 11:18","管理"],["ops-accept-mu4yn8n2-2-5bc343","运营乙","运营","启用","从未登录","管理"],["ops-accept-mu4yn9rf-3-5e670a","技术丁","技术运维","启用","从未登录","管理"],["ops-accept-mu4ynbyh-1-293820","运营乙","运营","已停用","2026-09-17 11:19","管理"]]
ROWS activities [["T041英文标签活动-d65f44\n创意想象 · 平静如水","10 分钟","v1","0","草稿","2026-09-18 06:40","预览\n发布\n复制为新版本\n停用"],["验收活动 098226\n观察岛 · 好奇","20 分钟","v1","1","已停用","2026-09-18 06:11","预览"],["验收活动 bb8d1e\n观察岛 · 好奇","20 分钟","v1","1","已停用","2026-09-18 06:07","预览"],["T041英文标签活动-34b6ca\n创意想象 · 平静如水","10 分钟","v1","0","草稿","2026-09-18 05:58","预览\n发布\n复制为新版本\n停用"],["公网验收活动 mu5fttsa\n观察岛 · 好奇","20 分钟","v1","1","已发布","2026-09-17 19:20","预览\n复制为新版本\n停用"],["验收活动 d42fff\n观察岛 · 好奇","20 分钟","v1","1","已停用","2026-09-17 11:18","预览"],["[合成测试]观察叶子\n创意想象 · 平静如水","3 分钟","readable-v2","3","已发布","2026-09-17 09:37","预览\n复制为新版本\n停用"],["[合成测试]小美好\n自然观察 · 需要启发","3 分钟","readable-v2","3","已发布","2026-09-17 09:37","预览\n复制为新版本\n停用"],["[合成测试]新用途\n故事表达 · 正在专注","3 分钟","readable-v2","3","已发布","2026-09-17 09:37","预览\n复制为新版本\n停用"],["[合成测试]云朵故事\n科学发现 · 能量满满","3 分钟","readable-v2","3","已发布","2026-09-17 09:37","预览\n复制为新版本\n停用"],["[合成测试]分类\n创意想象 · 平静如水","3 分钟","readable-v2","3","已发布","2026-09-17 09:37","预览\n复制为新版本\n停用"],["[合成测试]听声音\n自然观察 · 需要启发","3 分钟","readable-v2","3","已发布","2026-09-17 09:37","预览\n复制为新版本\n停用"]]
ROWS jobs [["数据同步","已完成","—","1 / 5","2026-09-18 07:13","查看"],["数据同步","已完成","—","1 / 5","2026-09-18 07:13","查看"],["数据同步","已完成","—","1 / 5","2026-09-18 07:13","查看"],["数据同步","排队中","—","0 / 5","2026-09-18 07:13","查看"],["数据同步","排队中","—","0 / 5","2026-09-18 07:13","查看"],["数据同步","排队中","—","0 / 5","2026-09-18 07:13","查看"],["数据同步","排队中","—","0 / 5","2026-09-18 07:13","查看"],["数据同步","排队中","—","0 / 5","2026-09-18 07:13","查看"],["数据同步","排队中","—","0 / 5","2026-09-18 07:13","查看"],["数据同步","排队中","—","0 / 5","2026-09-18 07:13","查看"],["数据同步","排队中","—","0 / 5","2026-09-18 07:13","查看"],["数据同步","排队中","—","0 / 5","2026-09-18 07:13","查看"]]
ROWS reports [["巡检真分支儿童","合成阶段观察","阶段画像","测试数据","2026-09-18 07:13","查看内容"],["浏览器合成儿童","合成测试观察","初始画像","测试数据","2026-09-18 07:12","查看内容"],["浏览器合成儿童","合成阶段观察","阶段画像","测试数据","2026-09-18 07:08","查看内容"],["浏览器合成儿童","合成测试观察","初始画像","测试数据","2026-09-18 07:08","查看内容"],["复测对话框儿童","合成阶段观察","阶段画像","测试数据","2026-09-18 07:00","查看内容"],["浏览器合成儿童","合成测试观察","初始画像","测试数据","2026-09-18 06:47","查看内容"],["浏览器合成儿童","合成阶段观察","阶段画像","测试数据","2026-09-18 06:44","查看内容"],["浏览器合成儿童","合成测试观察","初始画像","测试数据","2026-09-18 06:43","查看内容"],["复测对话框儿童","合成阶段观察","阶段画像","测试数据","2026-09-18 06:41","查看内容"],["复测对话框儿童","合成阶段观察","阶段画像","测试数据","2026-09-18 06:40","查看内容"],["T038 文案与格式儿童","合成阶段观察","阶段画像","测试数据","2026-09-18 06:09","查看内容"],["同步失败验证儿童","合成阶段观察","阶段画像","测试数据","2026-09-18 06:09","查看内容"]]
ROWS audit [["2026-09-18 07:13:05","+8613808528387","家长开始答题","答卷\n答卷（巡检真分支儿童）","—"],["2026-09-18 07:13:04","+8613808528387","家长同意授权","授权记录\n授权记录（巡检真分支儿童）","—"],["2026-09-18 07:12:57","+8613808528387","家长回应复测建议","复测事件\n复测事件（巡检真分支儿童）","accepted：是"],["2026-09-18 07:12:50","admin","登录运营后台","工作人员账号\nadmin","—"],["2026-09-18 07:12:48","+8613808528387","核验伙伴关联","伙伴关联\n伙伴关联（巡检真分支儿童）","—"],["2026-09-18 07:12:47","+8613808528387","家长同意授权","授权记录\n授权记录（巡检真分支儿童）","—"],["2026-09-18 07:12:43","+8613808528387","建立 CA 账户","CA 账户\nCA 账户（巡检真分支儿童）","—"],["2026-09-18 07:12:39","+8613808528387","家长新增儿童档案","儿童档案\n巡检真分支儿童","—"],["2026-09-18 07:12:38","+8613808528387","家长登录","登录凭据\n登录凭据（+8613808528387）","—"],["2026-09-18 07:12:05","+8613815392240","家长提交答卷","算法尝试\n编号 68c1cd04","—"],["2026-09-18 07:11:14","+8613815392240","家长开始答题","答卷\n答卷（浏览器合成儿童）","—"],["2026-09-18 07:11:13","+8613815392240","家长同意授权","授权记录\n授权记录（浏览器合成儿童）","—"]]
ERRORS []
