✔ 凭据能从查询串里读出来 (0.727459ms)
✔ 凭据能从 hash 参数里读出来（NFC 标签常这么写） (0.080208ms)
✔ 查询串优先于 hash，两者都有时取查询串 (0.04425ms)
✔ 裸 + 不当空格：token 是不透明字符串，不能改写它的字节 (0.048417ms)
✔ 没有凭据就是空串，不猜也不报错 (0.081208ms)
✔ 同名参数取第一个 (0.32375ms)
✔ 机器人标识是独立参数，不影响取凭据 (0.055375ms)
✔ 摘掉凭据后，hash 路由与其他参数都还在 (0.109875ms)
✔ 摘掉机器人标识，凭据一并不留 (0.053209ms)
✔ 没有凭据时，地址原样不动（幂等） (0.075709ms)
✔ 换机信号只认服务端那一个错误码 (0.056708ms)
✔ 账户拆分：活跃唯一，归档可多条 (0.589333ms)
✔ 状态词与运营后台用同一套说法，且两个维度分开 (0.050042ms)
✔ 机器人占用指引说清先解绑，409不误导刷新 (0.067875ms)
✔ 会展标记兼容固定旧号与新ULID (0.039583ms)
ℹ tests 15
ℹ suites 0
ℹ pass 15
ℹ fail 0
ℹ cancelled 0
ℹ skipped 0
ℹ todo 0
ℹ duration_ms 69.518
