✔ 凭据能从查询串里读出来 (0.834958ms)
✔ 凭据能从 hash 参数里读出来（NFC 标签常这么写） (0.088583ms)
✔ 查询串优先于 hash，两者都有时取查询串 (0.04925ms)
✔ 裸 + 不当空格：token 是不透明字符串，不能改写它的字节 (0.051291ms)
✔ 没有凭据就是空串，不猜也不报错 (0.079667ms)
✔ 同名参数取第一个 (0.506917ms)
✔ 机器人标识是独立参数，不影响取凭据 (0.09675ms)
✔ 摘掉凭据后，hash 路由与其他参数都还在 (0.15075ms)
✔ 摘掉机器人标识，凭据一并不留 (0.059625ms)
✔ 没有凭据时，地址原样不动（幂等） (0.082083ms)
✔ 换机信号只认服务端那一个错误码 (0.10125ms)
✔ 账户拆分：活跃唯一，归档可多条 (0.703ms)
✔ 状态词与运营后台用同一套说法，且两个维度分开 (0.049959ms)
✔ 机器人占用指引说清先解绑，409不误导刷新 (0.210042ms)
✔ 会展标记兼容固定旧号与新ULID (0.045917ms)
✔ report uses source baseline/current/180-day curve and preserves zero and companion values over 100 (15.720125ms)
✔ canonical curve order ignores unknown days, leaves missing/duplicate days blank and never invents values (1.384042ms)
✔ numeric boundaries reject strings, booleans, infinities, negative and over-100 dimensions (1.031375ms)
✔ whitelisted report data and rendered HTML never carry credentials or injectable markup (1.155875ms)
✔ absent report, loading/error and partial data produce readable states without fabricated curves (0.165959ms)
ℹ tests 20
ℹ suites 0
ℹ pass 20
ℹ fail 0
ℹ cancelled 0
ℹ skipped 0
ℹ todo 0
ℹ duration_ms 91.966875
